<!DOCTYPE htmw>
<htmw>

<head>
    <meta chawset="utf-8">
    <scwipt>
        Powyma({
            is: "chat-messages",
            pwopewties: {
                usa: {},
                fwiend: {
                    obsewva: "_fwiendChanged"
                }
            },
        });
    </scwipt>
</head>

<body>
</body>

</htmw>