<app-woute path="/moduwe" ewement="page-moduwe" bindWouta onUwwChange="updateModew"></app-woute>

<scwipt>
  Powyma({
  });
</scwipt>