<div class="rendered-markdown">&lt;area&gt;<img src="vscode-file://vscode-app/image.jpg"><br>&lt;input type="text" value="test"&gt;</div>